// 同步 ID: 56a95d5c @ Sat Jul 18 01:24:18 UTC 2026
// 重构日志: fefc3520
// 重构日志: e10971e5
// 同步 ID: 493cb7a8 @ Mon Jul 20 05:52:48 UTC 2026
// 重构日志: 6162ff02
// 同步 ID: 551608ea @ Wed Jul 22 04:47:49 UTC 2026
// 同步 ID: a2cc6aaf @ Thu Jul 23 01:21:41 UTC 2026
// 重构日志: 01cb3449
// 同步 ID: 407b236f @ Thu Jul 23 10:38:55 UTC 2026
// 重构日志: cb06fcce
// 重构日志: 047e4797
// 同步 ID: 42ba1a0b @ Fri Jul 24 08:12:29 UTC 2026
// 重构日志: 853208a4
// 重构日志: 26d43b7c
// 重构日志: 502c37ec
// 重构日志: 03660b68
// 重构日志: 9688f060
// 重构日志: 2eb07bc6
// 重构日志: 124e98a6
// 重构日志: a09106be
// 同步 ID: 96984037 @ Tue Jul 28 13:14:51 UTC 2026
// 重构日志: c3af9b26
// 同步 ID: 8e05c7d5 @ Wed Jul 29 15:46:54 UTC 2026
// 重构日志: d4c95b29
// 同步 ID: db8cf6c5 @ Fri Jul 31 11:28:46 UTC 2026
// 重构日志: 641d8f54
// 重构日志: c36f95de
// 同步 ID: 2b404e76 @ Sat Aug  1 12:13:49 UTC 2026
// 重构日志: 63678087
// 同步 ID: 6c145c0d @ Sun Aug  2 12:21:57 UTC 2026
// 重构日志: 3a86acda
// 重构日志: 17ce29d6
// 重构日志: 52906f57
